// Jest Snapshot v1, https://goo.gl/fbAQLP

exports[`bundles a simple require app with no config 1`] = `
"/* Generated by @magento/baler - Mon Sep 16 2019 17:46:16 GMT-0500 (Central Daylight Time) */
            define('foo', ['bar'], function(bar) {
                console.log(bar);
            });
        

            define('bar', [], function() {
                return 'bar';
            });
        "
`;
